
****** Vivado v2020.1 (64-bit)
  **** SW Build 2902540 on Wed May 27 19:54:35 MDT 2020
  **** IP Build 2902112 on Wed May 27 22:43:36 MDT 2020
    ** Copyright 1986-2020 Xilinx, Inc. All Rights Reserved.

source run_synth.tcl
# open_project tc_staged_mac/tc_staged_mac.xpr
Scanning sources...
Finished scanning sources
WARNING: [filemgmt 56-3] Default IP Output Path : Could not find the directory '/home/jwk0425/jwk_personal_lab/lab3/staged_mac/vivado/tc_staged_mac/tc_staged_mac.srcs/sources_1'.
# reset_run synth_1
# launch_runs synth_1 -jobs 4
[Wed Oct  7 21:31:58 2026] Launched synth_1...
Run output will be captured here: /home/jwk0425/jwk_personal_lab/lab3/staged_mac/vivado/tc_staged_mac/tc_staged_mac.runs/synth_1/runme.log
# wait_on_run synth_1
[Wed Oct  7 21:31:59 2026] Waiting for synth_1 to finish...

*** Running vivado
    with args -log staged_mac.vds -m64 -product Vivado -mode batch -messageDb vivado.pb -notrace -source staged_mac.tcl


****** Vivado v2020.1 (64-bit)
  **** SW Build 2902540 on Wed May 27 19:54:35 MDT 2020
  **** IP Build 2902112 on Wed May 27 22:43:36 MDT 2020
    ** Copyright 1986-2020 Xilinx, Inc. All Rights Reserved.

source staged_mac.tcl -notrace
INFO: [IP_Flow 19-234] Refreshing IP repositories
INFO: [IP_Flow 19-1700] Loaded user IP repository '/home/jwk0425/jwk_personal_lab/lab3/staged_mac'.
WARNING: [IP_Flow 19-3656] If you move the project, the path for repository '/home/jwk0425/jwk_personal_lab/lab3/staged_mac' may become invalid. A better location for the repository would be in a path adjacent to the project. (Current project location is '/home/jwk0425/jwk_personal_lab/lab3/staged_mac/vivado/tc_staged_mac/tc_staged_mac.runs/synth_1'.)
INFO: [IP_Flow 19-2313] Loaded Vivado IP repository '/remote/Xilinx/2020.1/Vivado/2020.1/data/ip'.
Command: synth_design -top staged_mac -part xc7z020clg484-1
Starting synth_design
Attempting to get a license for feature 'Synthesis' and/or device 'xc7z020'
INFO: [Common 17-349] Got license for feature 'Synthesis' and/or device 'xc7z020'
INFO: [Device 21-403] Loading part xc7z020clg484-1
INFO: [Synth 8-7079] Multithreading enabled for synth_design using a maximum of 4 processes.
INFO: [Synth 8-7078] Launching helper process for spawning children vivado processes
INFO: [Synth 8-7075] Helper process launched with PID 132407
---------------------------------------------------------------------------------
Starting RTL Elaboration : Time (s): cpu = 00:00:02 ; elapsed = 00:00:03 . Memory (MB): peak = 2370.121 ; gain = 9.832 ; free physical = 19978 ; free virtual = 42181
---------------------------------------------------------------------------------
INFO: [Synth 8-638] synthesizing module 'staged_mac' [/home/jwk0425/jwk_personal_lab/lab3/staged_mac/hdl/staged_mac.vhd:54]
	Parameter C_DATA_WIDTH bound to: 8 - type: integer 
INFO: [Synth 8-226] default block is never used [/home/jwk0425/jwk_personal_lab/lab3/staged_mac/hdl/staged_mac.vhd:93]
INFO: [Synth 8-256] done synthesizing module 'staged_mac' (1#1) [/home/jwk0425/jwk_personal_lab/lab3/staged_mac/hdl/staged_mac.vhd:54]
---------------------------------------------------------------------------------
Finished RTL Elaboration : Time (s): cpu = 00:00:02 ; elapsed = 00:00:04 . Memory (MB): peak = 2410.059 ; gain = 49.770 ; free physical = 19956 ; free virtual = 42161
---------------------------------------------------------------------------------
---------------------------------------------------------------------------------
Start Handling Custom Attributes
---------------------------------------------------------------------------------
---------------------------------------------------------------------------------
Finished Handling Custom Attributes : Time (s): cpu = 00:00:03 ; elapsed = 00:00:04 . Memory (MB): peak = 2427.871 ; gain = 67.582 ; free physical = 19970 ; free virtual = 42175
---------------------------------------------------------------------------------
---------------------------------------------------------------------------------
Finished RTL Optimization Phase 1 : Time (s): cpu = 00:00:03 ; elapsed = 00:00:04 . Memory (MB): peak = 2427.871 ; gain = 67.582 ; free physical = 19970 ; free virtual = 42175
---------------------------------------------------------------------------------
Netlist sorting complete. Time (s): cpu = 00:00:00 ; elapsed = 00:00:00 . Memory (MB): peak = 2427.871 ; gain = 0.000 ; free physical = 19970 ; free virtual = 42175
INFO: [Project 1-570] Preparing netlist for logic optimization

Processing XDC Constraints
Initializing timing engine
Parsing XDC File [/home/jwk0425/jwk_personal_lab/lab3/staged_mac/hdl/zedboard.xdc]
WARNING: [Vivado 12-584] No ports matched '[get_ports -of_objects [get_iobanks 33]]'. [/home/jwk0425/jwk_personal_lab/lab3/staged_mac/hdl/zedboard.xdc:361]
WARNING: [Vivado 12-584] No ports matched '[get_ports -of_objects [get_iobanks 34]]'. [/home/jwk0425/jwk_personal_lab/lab3/staged_mac/hdl/zedboard.xdc:366]
WARNING: [Vivado 12-584] No ports matched '[get_ports -of_objects [get_iobanks 35]]'. [/home/jwk0425/jwk_personal_lab/lab3/staged_mac/hdl/zedboard.xdc:371]
WARNING: [Vivado 12-584] No ports matched '[get_ports -of_objects [get_iobanks 13]]'. [/home/jwk0425/jwk_personal_lab/lab3/staged_mac/hdl/zedboard.xdc:374]
Finished Parsing XDC File [/home/jwk0425/jwk_personal_lab/lab3/staged_mac/hdl/zedboard.xdc]
INFO: [Project 1-236] Implementation specific constraints were found while reading constraint file [/home/jwk0425/jwk_personal_lab/lab3/staged_mac/hdl/zedboard.xdc]. These constraints will be ignored for synthesis but will be used in implementation. Impacted constraints are listed in the file [.Xil/staged_mac_propImpl.xdc].
Resolution: To avoid this warning, move constraints listed in [.Xil/staged_mac_propImpl.xdc] to another XDC file and exclude this new file from synthesis with the used_in_synthesis property (File Properties dialog in GUI) and re-run elaboration/synthesis.
Completed Processing XDC Constraints

Netlist sorting complete. Time (s): cpu = 00:00:00 ; elapsed = 00:00:00 . Memory (MB): peak = 2563.652 ; gain = 0.000 ; free physical = 19881 ; free virtual = 42099
INFO: [Project 1-111] Unisim Transformation Summary:
No Unisim elements were transformed.

Constraint Validation Runtime : Time (s): cpu = 00:00:00 ; elapsed = 00:00:00 . Memory (MB): peak = 2563.652 ; gain = 0.000 ; free physical = 19881 ; free virtual = 42099
---------------------------------------------------------------------------------
Finished Constraint Validation : Time (s): cpu = 00:00:05 ; elapsed = 00:00:08 . Memory (MB): peak = 2563.652 ; gain = 203.363 ; free physical = 19871 ; free virtual = 42090
---------------------------------------------------------------------------------
---------------------------------------------------------------------------------
Start Loading Part and Timing Information
---------------------------------------------------------------------------------
Loading part: xc7z020clg484-1
---------------------------------------------------------------------------------
Finished Loading Part and Timing Information : Time (s): cpu = 00:00:05 ; elapsed = 00:00:08 . Memory (MB): peak = 2563.652 ; gain = 203.363 ; free physical = 19871 ; free virtual = 42090
---------------------------------------------------------------------------------
---------------------------------------------------------------------------------
Start Applying 'set_property' XDC Constraints
---------------------------------------------------------------------------------
---------------------------------------------------------------------------------
Finished applying 'set_property' XDC Constraints : Time (s): cpu = 00:00:05 ; elapsed = 00:00:08 . Memory (MB): peak = 2563.652 ; gain = 203.363 ; free physical = 19871 ; free virtual = 42090
---------------------------------------------------------------------------------
---------------------------------------------------------------------------------
Finished RTL Optimization Phase 2 : Time (s): cpu = 00:00:06 ; elapsed = 00:00:08 . Memory (MB): peak = 2563.652 ; gain = 203.363 ; free physical = 19896 ; free virtual = 42115
---------------------------------------------------------------------------------
---------------------------------------------------------------------------------
Start RTL Component Statistics 
---------------------------------------------------------------------------------
Detailed RTL Component Info : 
+---Registers : 
	               32 Bit    Registers := 2     
	                8 Bit    Registers := 1     
	                1 Bit    Registers := 1     
+---Muxes : 
	   2 Input   32 Bit        Muxes := 3     
	   2 Input    1 Bit        Muxes := 5     
---------------------------------------------------------------------------------
Finished RTL Component Statistics 
---------------------------------------------------------------------------------
---------------------------------------------------------------------------------
Start Part Resource Summary
---------------------------------------------------------------------------------
Part Resources:
DSPs: 220 (col length:60)
BRAMs: 280 (col length: RAMB18 60 RAMB36 30)
---------------------------------------------------------------------------------
Finished Part Resource Summary
---------------------------------------------------------------------------------
---------------------------------------------------------------------------------
Start Cross Boundary and Area Optimization
---------------------------------------------------------------------------------
---------------------------------------------------------------------------------
Finished Cross Boundary and Area Optimization : Time (s): cpu = 00:00:06 ; elapsed = 00:00:09 . Memory (MB): peak = 2563.652 ; gain = 203.363 ; free physical = 19902 ; free virtual = 42125
---------------------------------------------------------------------------------
---------------------------------------------------------------------------------
Start Applying XDC Timing Constraints
---------------------------------------------------------------------------------
---------------------------------------------------------------------------------
Finished Applying XDC Timing Constraints : Time (s): cpu = 00:00:08 ; elapsed = 00:00:12 . Memory (MB): peak = 2563.652 ; gain = 203.363 ; free physical = 19819 ; free virtual = 42050
---------------------------------------------------------------------------------
---------------------------------------------------------------------------------
Start Timing Optimization
---------------------------------------------------------------------------------
---------------------------------------------------------------------------------
Finished Timing Optimization : Time (s): cpu = 00:00:08 ; elapsed = 00:00:12 . Memory (MB): peak = 2563.652 ; gain = 203.363 ; free physical = 19810 ; free virtual = 42041
---------------------------------------------------------------------------------
---------------------------------------------------------------------------------
Start Technology Mapping
---------------------------------------------------------------------------------
---------------------------------------------------------------------------------
Finished Technology Mapping : Time (s): cpu = 00:00:08 ; elapsed = 00:00:12 . Memory (MB): peak = 2563.652 ; gain = 203.363 ; free physical = 19808 ; free virtual = 42038
---------------------------------------------------------------------------------
---------------------------------------------------------------------------------
Start IO Insertion
---------------------------------------------------------------------------------
---------------------------------------------------------------------------------
Start Flattening Before IO Insertion
---------------------------------------------------------------------------------
---------------------------------------------------------------------------------
Finished Flattening Before IO Insertion
---------------------------------------------------------------------------------
---------------------------------------------------------------------------------
Start Final Netlist Cleanup
---------------------------------------------------------------------------------
---------------------------------------------------------------------------------
Finished Final Netlist Cleanup
---------------------------------------------------------------------------------
---------------------------------------------------------------------------------
Finished IO Insertion : Time (s): cpu = 00:00:10 ; elapsed = 00:00:13 . Memory (MB): peak = 2563.652 ; gain = 203.363 ; free physical = 19807 ; free virtual = 42038
---------------------------------------------------------------------------------
---------------------------------------------------------------------------------
Start Renaming Generated Instances
---------------------------------------------------------------------------------
---------------------------------------------------------------------------------
Finished Renaming Generated Instances : Time (s): cpu = 00:00:10 ; elapsed = 00:00:13 . Memory (MB): peak = 2563.652 ; gain = 203.363 ; free physical = 19807 ; free virtual = 42038
---------------------------------------------------------------------------------
---------------------------------------------------------------------------------
Start Rebuilding User Hierarchy
---------------------------------------------------------------------------------
---------------------------------------------------------------------------------
Finished Rebuilding User Hierarchy : Time (s): cpu = 00:00:10 ; elapsed = 00:00:13 . Memory (MB): peak = 2563.652 ; gain = 203.363 ; free physical = 19807 ; free virtual = 42038
---------------------------------------------------------------------------------
---------------------------------------------------------------------------------
Start Renaming Generated Ports
---------------------------------------------------------------------------------
---------------------------------------------------------------------------------
Finished Renaming Generated Ports : Time (s): cpu = 00:00:10 ; elapsed = 00:00:13 . Memory (MB): peak = 2563.652 ; gain = 203.363 ; free physical = 19807 ; free virtual = 42038
---------------------------------------------------------------------------------
---------------------------------------------------------------------------------
Start Handling Custom Attributes
---------------------------------------------------------------------------------
---------------------------------------------------------------------------------
Finished Handling Custom Attributes : Time (s): cpu = 00:00:10 ; elapsed = 00:00:13 . Memory (MB): peak = 2563.652 ; gain = 203.363 ; free physical = 19807 ; free virtual = 42038
---------------------------------------------------------------------------------
---------------------------------------------------------------------------------
Start Renaming Generated Nets
---------------------------------------------------------------------------------
---------------------------------------------------------------------------------
Finished Renaming Generated Nets : Time (s): cpu = 00:00:10 ; elapsed = 00:00:13 . Memory (MB): peak = 2563.652 ; gain = 203.363 ; free physical = 19807 ; free virtual = 42038
---------------------------------------------------------------------------------
---------------------------------------------------------------------------------
Start Writing Synthesis Report
---------------------------------------------------------------------------------

Report BlackBoxes: 
+-+--------------+----------+
| |BlackBox name |Instances |
+-+--------------+----------+
+-+--------------+----------+

Report Cell Usage: 
+------+-------+------+
|      |Cell   |Count |
+------+-------+------+
|1     |BUFG   |     1|
|2     |CARRY4 |    21|
|3     |LUT1   |     4|
|4     |LUT2   |    57|
|5     |LUT3   |     7|
|6     |LUT4   |    57|
|7     |LUT5   |     7|
|8     |LUT6   |    26|
|9     |FDRE   |    41|
|10    |IBUF   |    30|
|11    |OBUF   |    43|
+------+-------+------+
---------------------------------------------------------------------------------
Finished Writing Synthesis Report : Time (s): cpu = 00:00:10 ; elapsed = 00:00:13 . Memory (MB): peak = 2563.652 ; gain = 203.363 ; free physical = 19807 ; free virtual = 42038
---------------------------------------------------------------------------------
Synthesis finished with 0 errors, 0 critical warnings and 0 warnings.
Synthesis Optimization Runtime : Time (s): cpu = 00:00:09 ; elapsed = 00:00:12 . Memory (MB): peak = 2563.652 ; gain = 67.582 ; free physical = 19819 ; free virtual = 42050
Synthesis Optimization Complete : Time (s): cpu = 00:00:10 ; elapsed = 00:00:13 . Memory (MB): peak = 2563.652 ; gain = 203.363 ; free physical = 19819 ; free virtual = 42050
INFO: [Project 1-571] Translating synthesized netlist
Netlist sorting complete. Time (s): cpu = 00:00:00 ; elapsed = 00:00:00 . Memory (MB): peak = 2563.652 ; gain = 0.000 ; free physical = 19898 ; free virtual = 42129
INFO: [Netlist 29-17] Analyzing 21 Unisim elements for replacement
INFO: [Netlist 29-28] Unisim Transformation completed in 0 CPU seconds
INFO: [Project 1-570] Preparing netlist for logic optimization
INFO: [Opt 31-138] Pushed 0 inverter(s) to 0 load pin(s).
Netlist sorting complete. Time (s): cpu = 00:00:00 ; elapsed = 00:00:00 . Memory (MB): peak = 2582.566 ; gain = 0.000 ; free physical = 19898 ; free virtual = 42129
INFO: [Project 1-111] Unisim Transformation Summary:
No Unisim elements were transformed.

INFO: [Common 17-83] Releasing license: Synthesis
21 Infos, 5 Warnings, 0 Critical Warnings and 0 Errors encountered.
synth_design completed successfully
synth_design: Time (s): cpu = 00:00:14 ; elapsed = 00:00:19 . Memory (MB): peak = 2582.566 ; gain = 222.352 ; free physical = 19912 ; free virtual = 42142
INFO: [Common 17-1381] The checkpoint '/home/jwk0425/jwk_personal_lab/lab3/staged_mac/vivado/tc_staged_mac/tc_staged_mac.runs/synth_1/staged_mac.dcp' has been generated.
INFO: [runtcl-4] Executing : report_utilization -file staged_mac_utilization_synth.rpt -pb staged_mac_utilization_synth.pb
INFO: [Common 17-206] Exiting Vivado at Wed Oct  7 21:32:25 2026...
[Wed Oct  7 21:32:35 2026] synth_1 finished
wait_on_run: Time (s): cpu = 00:00:21 ; elapsed = 00:00:36 . Memory (MB): peak = 2353.445 ; gain = 0.000 ; free physical = 21076 ; free virtual = 43303
# reset_run impl_1
# launch_runs impl_1 -to_step route_design -jobs 4
[Wed Oct  7 21:32:35 2026] Launched impl_1...
Run output will be captured here: /home/jwk0425/jwk_personal_lab/lab3/staged_mac/vivado/tc_staged_mac/tc_staged_mac.runs/impl_1/runme.log
# wait_on_run impl_1
[Wed Oct  7 21:32:35 2026] Waiting for impl_1 to finish...

*** Running vivado
    with args -log staged_mac.vdi -applog -m64 -product Vivado -messageDb vivado.pb -mode batch -source staged_mac.tcl -notrace


****** Vivado v2020.1 (64-bit)
  **** SW Build 2902540 on Wed May 27 19:54:35 MDT 2020
  **** IP Build 2902112 on Wed May 27 22:43:36 MDT 2020
    ** Copyright 1986-2020 Xilinx, Inc. All Rights Reserved.

source staged_mac.tcl -notrace
INFO: [IP_Flow 19-234] Refreshing IP repositories
INFO: [IP_Flow 19-1700] Loaded user IP repository '/home/jwk0425/jwk_personal_lab/lab3/staged_mac'.
WARNING: [IP_Flow 19-3656] If you move the project, the path for repository '/home/jwk0425/jwk_personal_lab/lab3/staged_mac' may become invalid. A better location for the repository would be in a path adjacent to the project. (Current project location is '/home/jwk0425/jwk_personal_lab/lab3/staged_mac/vivado/tc_staged_mac/tc_staged_mac.runs/impl_1'.)
INFO: [IP_Flow 19-2313] Loaded Vivado IP repository '/remote/Xilinx/2020.1/Vivado/2020.1/data/ip'.
Command: link_design -top staged_mac -part xc7z020clg484-1
Design is defaulting to srcset: sources_1
Design is defaulting to constrset: constrs_1
INFO: [Device 21-403] Loading part xc7z020clg484-1
Netlist sorting complete. Time (s): cpu = 00:00:00.01 ; elapsed = 00:00:00 . Memory (MB): peak = 2351.414 ; gain = 0.000 ; free physical = 20360 ; free virtual = 42587
INFO: [Netlist 29-17] Analyzing 21 Unisim elements for replacement
INFO: [Netlist 29-28] Unisim Transformation completed in 0 CPU seconds
INFO: [Project 1-479] Netlist was created with Vivado 2020.1
INFO: [Project 1-570] Preparing netlist for logic optimization
Parsing XDC File [/home/jwk0425/jwk_personal_lab/lab3/staged_mac/hdl/zedboard.xdc]
WARNING: [Vivado 12-584] No ports matched '[get_ports -of_objects [get_iobanks 33]]'. [/home/jwk0425/jwk_personal_lab/lab3/staged_mac/hdl/zedboard.xdc:361]
CRITICAL WARNING: [Common 17-55] 'set_property' expects at least one object. [/home/jwk0425/jwk_personal_lab/lab3/staged_mac/hdl/zedboard.xdc:361]
Resolution: If [get_<value>] was used to populate the object, check to make sure this command returns at least one valid object.
WARNING: [Vivado 12-584] No ports matched '[get_ports -of_objects [get_iobanks 34]]'. [/home/jwk0425/jwk_personal_lab/lab3/staged_mac/hdl/zedboard.xdc:366]
CRITICAL WARNING: [Common 17-55] 'set_property' expects at least one object. [/home/jwk0425/jwk_personal_lab/lab3/staged_mac/hdl/zedboard.xdc:366]
Resolution: If [get_<value>] was used to populate the object, check to make sure this command returns at least one valid object.
WARNING: [Vivado 12-584] No ports matched '[get_ports -of_objects [get_iobanks 35]]'. [/home/jwk0425/jwk_personal_lab/lab3/staged_mac/hdl/zedboard.xdc:371]
CRITICAL WARNING: [Common 17-55] 'set_property' expects at least one object. [/home/jwk0425/jwk_personal_lab/lab3/staged_mac/hdl/zedboard.xdc:371]
Resolution: If [get_<value>] was used to populate the object, check to make sure this command returns at least one valid object.
WARNING: [Vivado 12-584] No ports matched '[get_ports -of_objects [get_iobanks 13]]'. [/home/jwk0425/jwk_personal_lab/lab3/staged_mac/hdl/zedboard.xdc:374]
CRITICAL WARNING: [Common 17-55] 'set_property' expects at least one object. [/home/jwk0425/jwk_personal_lab/lab3/staged_mac/hdl/zedboard.xdc:374]
Resolution: If [get_<value>] was used to populate the object, check to make sure this command returns at least one valid object.
Finished Parsing XDC File [/home/jwk0425/jwk_personal_lab/lab3/staged_mac/hdl/zedboard.xdc]
INFO: [Opt 31-138] Pushed 0 inverter(s) to 0 load pin(s).
Netlist sorting complete. Time (s): cpu = 00:00:00 ; elapsed = 00:00:00 . Memory (MB): peak = 2407.367 ; gain = 0.000 ; free physical = 20233 ; free virtual = 42460
INFO: [Project 1-111] Unisim Transformation Summary:
No Unisim elements were transformed.

10 Infos, 5 Warnings, 4 Critical Warnings and 0 Errors encountered.
link_design completed successfully
link_design: Time (s): cpu = 00:00:03 ; elapsed = 00:00:05 . Memory (MB): peak = 2407.367 ; gain = 56.027 ; free physical = 20228 ; free virtual = 42455
Command: opt_design
Attempting to get a license for feature 'Implementation' and/or device 'xc7z020'
INFO: [Common 17-349] Got license for feature 'Implementation' and/or device 'xc7z020'
Running DRC as a precondition to command opt_design

Starting DRC Task
INFO: [DRC 23-27] Running DRC with 8 threads
INFO: [Project 1-461] DRC finished with 0 Errors
INFO: [Project 1-462] Please refer to the DRC report (report_drc) for more information.

Time (s): cpu = 00:00:00.92 ; elapsed = 00:00:01 . Memory (MB): peak = 2480.305 ; gain = 72.938 ; free physical = 20198 ; free virtual = 42426

Starting Cache Timing Information Task
INFO: [Timing 38-35] Done setting XDC timing constraints.
Ending Cache Timing Information Task | Checksum: df06385c

Time (s): cpu = 00:00:03 ; elapsed = 00:00:04 . Memory (MB): peak = 2851.297 ; gain = 370.992 ; free physical = 19778 ; free virtual = 42020

Starting Logic Optimization Task

Phase 1 Retarget
INFO: [Opt 31-138] Pushed 0 inverter(s) to 0 load pin(s).
INFO: [Opt 31-49] Retargeted 0 cell(s).
Phase 1 Retarget | Checksum: df06385c

Time (s): cpu = 00:00:00.02 ; elapsed = 00:00:00.01 . Memory (MB): peak = 3016.234 ; gain = 0.000 ; free physical = 19674 ; free virtual = 41915
INFO: [Opt 31-389] Phase Retarget created 0 cells and removed 0 cells

Phase 2 Constant propagation
INFO: [Opt 31-138] Pushed 0 inverter(s) to 0 load pin(s).
Phase 2 Constant propagation | Checksum: e814ffc8

Time (s): cpu = 00:00:00.02 ; elapsed = 00:00:00.01 . Memory (MB): peak = 3016.234 ; gain = 0.000 ; free physical = 19674 ; free virtual = 41915
INFO: [Opt 31-389] Phase Constant propagation created 0 cells and removed 0 cells

Phase 3 Sweep
Phase 3 Sweep | Checksum: ca7cc8af

Time (s): cpu = 00:00:00.02 ; elapsed = 00:00:00.01 . Memory (MB): peak = 3016.234 ; gain = 0.000 ; free physical = 19674 ; free virtual = 41915
INFO: [Opt 31-389] Phase Sweep created 0 cells and removed 1 cells

Phase 4 BUFG optimization
Phase 4 BUFG optimization | Checksum: ca7cc8af

Time (s): cpu = 00:00:00.02 ; elapsed = 00:00:00.02 . Memory (MB): peak = 3016.234 ; gain = 0.000 ; free physical = 19674 ; free virtual = 41915
INFO: [Opt 31-662] Phase BUFG optimization created 0 cells of which 0 are BUFGs and removed 0 cells.

Phase 5 Shift Register Optimization
INFO: [Opt 31-1064] SRL Remap converted 0 SRLs to 0 registers and converted 0 registers of register chains to 0 SRLs
Phase 5 Shift Register Optimization | Checksum: ca7cc8af

Time (s): cpu = 00:00:00.02 ; elapsed = 00:00:00.02 . Memory (MB): peak = 3016.234 ; gain = 0.000 ; free physical = 19674 ; free virtual = 41915
INFO: [Opt 31-389] Phase Shift Register Optimization created 0 cells and removed 0 cells

Phase 6 Post Processing Netlist
Phase 6 Post Processing Netlist | Checksum: ca7cc8af

Time (s): cpu = 00:00:00.02 ; elapsed = 00:00:00.02 . Memory (MB): peak = 3016.234 ; gain = 0.000 ; free physical = 19674 ; free virtual = 41915
INFO: [Opt 31-389] Phase Post Processing Netlist created 0 cells and removed 0 cells
Opt_design Change Summary
=========================


-------------------------------------------------------------------------------------------------------------------------
|  Phase                        |  #Cells created  |  #Cells Removed  |  #Constrained objects preventing optimizations  |
-------------------------------------------------------------------------------------------------------------------------
|  Retarget                     |               0  |               0  |                                              0  |
|  Constant propagation         |               0  |               0  |                                              0  |
|  Sweep                        |               0  |               1  |                                              0  |
|  BUFG optimization            |               0  |               0  |                                              0  |
|  Shift Register Optimization  |               0  |               0  |                                              0  |
|  Post Processing Netlist      |               0  |               0  |                                              0  |
-------------------------------------------------------------------------------------------------------------------------



Starting Connectivity Check Task

Time (s): cpu = 00:00:00 ; elapsed = 00:00:00 . Memory (MB): peak = 3016.234 ; gain = 0.000 ; free physical = 19674 ; free virtual = 41915
Ending Logic Optimization Task | Checksum: c14c53fc

Time (s): cpu = 00:00:00.04 ; elapsed = 00:00:00.02 . Memory (MB): peak = 3016.234 ; gain = 0.000 ; free physical = 19674 ; free virtual = 41915

Starting Power Optimization Task
INFO: [Pwropt 34-132] Skipping clock gating for clocks with a period < 2.00 ns.
Ending Power Optimization Task | Checksum: c14c53fc

Time (s): cpu = 00:00:00.04 ; elapsed = 00:00:00.01 . Memory (MB): peak = 3016.234 ; gain = 0.000 ; free physical = 19674 ; free virtual = 41915

Starting Final Cleanup Task
Ending Final Cleanup Task | Checksum: c14c53fc

Time (s): cpu = 00:00:00 ; elapsed = 00:00:00 . Memory (MB): peak = 3016.234 ; gain = 0.000 ; free physical = 19674 ; free virtual = 41915

Starting Netlist Obfuscation Task
Netlist sorting complete. Time (s): cpu = 00:00:00 ; elapsed = 00:00:00 . Memory (MB): peak = 3016.234 ; gain = 0.000 ; free physical = 19674 ; free virtual = 41915
Ending Netlist Obfuscation Task | Checksum: c14c53fc

Time (s): cpu = 00:00:00 ; elapsed = 00:00:00 . Memory (MB): peak = 3016.234 ; gain = 0.000 ; free physical = 19674 ; free virtual = 41915
INFO: [Common 17-83] Releasing license: Implementation
27 Infos, 5 Warnings, 4 Critical Warnings and 0 Errors encountered.
opt_design completed successfully
opt_design: Time (s): cpu = 00:00:05 ; elapsed = 00:00:07 . Memory (MB): peak = 3016.234 ; gain = 608.867 ; free physical = 19674 ; free virtual = 41915
INFO: [Timing 38-480] Writing timing data to binary archive.
INFO: [Common 17-1381] The checkpoint '/home/jwk0425/jwk_personal_lab/lab3/staged_mac/vivado/tc_staged_mac/tc_staged_mac.runs/impl_1/staged_mac_opt.dcp' has been generated.
INFO: [runtcl-4] Executing : report_drc -file staged_mac_drc_opted.rpt -pb staged_mac_drc_opted.pb -rpx staged_mac_drc_opted.rpx
Command: report_drc -file staged_mac_drc_opted.rpt -pb staged_mac_drc_opted.pb -rpx staged_mac_drc_opted.rpx
INFO: [IP_Flow 19-1839] IP Catalog is up to date.
INFO: [DRC 23-27] Running DRC with 8 threads
INFO: [Coretcl 2-168] The results of DRC are in file /home/jwk0425/jwk_personal_lab/lab3/staged_mac/vivado/tc_staged_mac/tc_staged_mac.runs/impl_1/staged_mac_drc_opted.rpt.
report_drc completed successfully
Command: place_design
Attempting to get a license for feature 'Implementation' and/or device 'xc7z020'
INFO: [Common 17-349] Got license for feature 'Implementation' and/or device 'xc7z020'
INFO: [DRC 23-27] Running DRC with 8 threads
INFO: [Vivado_Tcl 4-198] DRC finished with 0 Errors
INFO: [Vivado_Tcl 4-199] Please refer to the DRC report (report_drc) for more information.
Running DRC as a precondition to command place_design
INFO: [DRC 23-27] Running DRC with 8 threads
INFO: [Vivado_Tcl 4-198] DRC finished with 0 Errors
INFO: [Vivado_Tcl 4-199] Please refer to the DRC report (report_drc) for more information.

Starting Placer Task
INFO: [Place 30-611] Multithreading enabled for place_design using a maximum of 8 CPUs

Phase 1 Placer Initialization

Phase 1.1 Placer Initialization Netlist Sorting
Netlist sorting complete. Time (s): cpu = 00:00:00 ; elapsed = 00:00:00 . Memory (MB): peak = 3104.047 ; gain = 0.000 ; free physical = 19624 ; free virtual = 41867
Phase 1.1 Placer Initialization Netlist Sorting | Checksum: 3d300634

Time (s): cpu = 00:00:00.01 ; elapsed = 00:00:00.01 . Memory (MB): peak = 3104.047 ; gain = 0.000 ; free physical = 19624 ; free virtual = 41867
Netlist sorting complete. Time (s): cpu = 00:00:00 ; elapsed = 00:00:00 . Memory (MB): peak = 3104.047 ; gain = 0.000 ; free physical = 19624 ; free virtual = 41867

Phase 1.2 IO Placement/ Clock Placement/ Build Placer Device
INFO: [Timing 38-35] Done setting XDC timing constraints.
Phase 1.2 IO Placement/ Clock Placement/ Build Placer Device | Checksum: 14803de94

Time (s): cpu = 00:00:00.51 ; elapsed = 00:00:00.22 . Memory (MB): peak = 3104.047 ; gain = 0.000 ; free physical = 19604 ; free virtual = 41851

Phase 1.3 Build Placer Netlist Model
Phase 1.3 Build Placer Netlist Model | Checksum: 1ccaee513

Time (s): cpu = 00:00:00.64 ; elapsed = 00:00:00.26 . Memory (MB): peak = 3104.047 ; gain = 0.000 ; free physical = 19603 ; free virtual = 41851

Phase 1.4 Constrain Clocks/Macros
Phase 1.4 Constrain Clocks/Macros | Checksum: 1ccaee513

Time (s): cpu = 00:00:00.64 ; elapsed = 00:00:00.26 . Memory (MB): peak = 3104.047 ; gain = 0.000 ; free physical = 19603 ; free virtual = 41851
Phase 1 Placer Initialization | Checksum: 1ccaee513

Time (s): cpu = 00:00:00.65 ; elapsed = 00:00:00.27 . Memory (MB): peak = 3104.047 ; gain = 0.000 ; free physical = 19603 ; free virtual = 41851

Phase 2 Global Placement

Phase 2.1 Floorplanning
Phase 2.1 Floorplanning | Checksum: 240f75ac3

Time (s): cpu = 00:00:00.72 ; elapsed = 00:00:00.28 . Memory (MB): peak = 3104.047 ; gain = 0.000 ; free physical = 19592 ; free virtual = 41840

Phase 2.2 Global Placement Core

Phase 2.2.1 Physical Synthesis In Placer
INFO: [Physopt 32-1035] Found 0 LUTNM shape to break, 4 LUT instances to create LUTNM shape
INFO: [Physopt 32-1044] Break lutnm for timing: one critical 0, two critical 0, total 0, new lutff created 0
INFO: [Physopt 32-775] End 1 Pass. Optimized 2 nets or cells. Created 0 new cell, deleted 2 existing cells and moved 0 existing cell
INFO: [Physopt 32-65] No nets found for high-fanout optimization.
INFO: [Physopt 32-232] Optimized 0 net. Created 0 new instance.
INFO: [Physopt 32-775] End 1 Pass. Optimized 0 net or cell. Created 0 new cell, deleted 0 existing cell and moved 0 existing cell
INFO: [Physopt 32-670] No setup violation found.  DSP Register Optimization was not performed.
INFO: [Physopt 32-670] No setup violation found.  Shift Register to Pipeline Optimization was not performed.
INFO: [Physopt 32-670] No setup violation found.  Shift Register Optimization was not performed.
INFO: [Physopt 32-670] No setup violation found.  BRAM Register Optimization was not performed.
INFO: [Physopt 32-670] No setup violation found.  URAM Register Optimization was not performed.
INFO: [Physopt 32-949] No candidate nets found for HD net replication
INFO: [Physopt 32-775] End 1 Pass. Optimized 0 net or cell. Created 0 new cell, deleted 0 existing cell and moved 0 existing cell
Netlist sorting complete. Time (s): cpu = 00:00:00 ; elapsed = 00:00:00 . Memory (MB): peak = 3104.047 ; gain = 0.000 ; free physical = 19659 ; free virtual = 41909

Summary of Physical Synthesis Optimizations
============================================


-----------------------------------------------------------------------------------------------------------------------------------------------------------
|  Optimization                                     |  Added Cells  |  Removed Cells  |  Optimized Cells/Nets  |  Dont Touch  |  Iterations  |  Elapsed   |
-----------------------------------------------------------------------------------------------------------------------------------------------------------
|  LUT Combining                                    |            0  |              2  |                     2  |           0  |           1  |  00:00:00  |
|  Very High Fanout                                 |            0  |              0  |                     0  |           0  |           1  |  00:00:00  |
|  DSP Register                                     |            0  |              0  |                     0  |           0  |           0  |  00:00:00  |
|  Shift Register to Pipeline                       |            0  |              0  |                     0  |           0  |           0  |  00:00:00  |
|  Shift Register                                   |            0  |              0  |                     0  |           0  |           0  |  00:00:00  |
|  BRAM Register                                    |            0  |              0  |                     0  |           0  |           0  |  00:00:00  |
|  URAM Register                                    |            0  |              0  |                     0  |           0  |           0  |  00:00:00  |
|  Dynamic/Static Region Interface Net Replication  |            0  |              0  |                     0  |           0  |           1  |  00:00:00  |
|  Total                                            |            0  |              2  |                     2  |           0  |           3  |  00:00:00  |
-----------------------------------------------------------------------------------------------------------------------------------------------------------


Phase 2.2.1 Physical Synthesis In Placer | Checksum: 2747ba61a

Time (s): cpu = 00:00:02 ; elapsed = 00:00:00.63 . Memory (MB): peak = 3104.047 ; gain = 0.000 ; free physical = 19659 ; free virtual = 41909
Phase 2.2 Global Placement Core | Checksum: 1e573ed06

Time (s): cpu = 00:00:02 ; elapsed = 00:00:00.65 . Memory (MB): peak = 3104.047 ; gain = 0.000 ; free physical = 19658 ; free virtual = 41908
Phase 2 Global Placement | Checksum: 1e573ed06

Time (s): cpu = 00:00:02 ; elapsed = 00:00:00.65 . Memory (MB): peak = 3104.047 ; gain = 0.000 ; free physical = 19658 ; free virtual = 41908

Phase 3 Detail Placement

Phase 3.1 Commit Multi Column Macros
Phase 3.1 Commit Multi Column Macros | Checksum: 20e39b527

Time (s): cpu = 00:00:02 ; elapsed = 00:00:00.65 . Memory (MB): peak = 3104.047 ; gain = 0.000 ; free physical = 19658 ; free virtual = 41908

Phase 3.2 Commit Most Macros & LUTRAMs
Phase 3.2 Commit Most Macros & LUTRAMs | Checksum: cde63375

Time (s): cpu = 00:00:02 ; elapsed = 00:00:00.66 . Memory (MB): peak = 3104.047 ; gain = 0.000 ; free physical = 19657 ; free virtual = 41907

Phase 3.3 Area Swap Optimization
Phase 3.3 Area Swap Optimization | Checksum: baf3543d

Time (s): cpu = 00:00:02 ; elapsed = 00:00:00.67 . Memory (MB): peak = 3104.047 ; gain = 0.000 ; free physical = 19657 ; free virtual = 41907

Phase 3.4 Pipeline Register Optimization
Phase 3.4 Pipeline Register Optimization | Checksum: 1194dd749

Time (s): cpu = 00:00:02 ; elapsed = 00:00:00.67 . Memory (MB): peak = 3104.047 ; gain = 0.000 ; free physical = 19657 ; free virtual = 41907

Phase 3.5 Small Shape Detail Placement
Phase 3.5 Small Shape Detail Placement | Checksum: 180254f52

Time (s): cpu = 00:00:02 ; elapsed = 00:00:00.73 . Memory (MB): peak = 3104.047 ; gain = 0.000 ; free physical = 19654 ; free virtual = 41905

Phase 3.6 Re-assign LUT pins
Phase 3.6 Re-assign LUT pins | Checksum: 15f649fa5

Time (s): cpu = 00:00:02 ; elapsed = 00:00:00.73 . Memory (MB): peak = 3104.047 ; gain = 0.000 ; free physical = 19654 ; free virtual = 41905

Phase 3.7 Pipeline Register Optimization
Phase 3.7 Pipeline Register Optimization | Checksum: fe0b2299

Time (s): cpu = 00:00:02 ; elapsed = 00:00:00.73 . Memory (MB): peak = 3104.047 ; gain = 0.000 ; free physical = 19654 ; free virtual = 41905
Phase 3 Detail Placement | Checksum: fe0b2299

Time (s): cpu = 00:00:02 ; elapsed = 00:00:00.73 . Memory (MB): peak = 3104.047 ; gain = 0.000 ; free physical = 19654 ; free virtual = 41905

Phase 4 Post Placement Optimization and Clean-Up

Phase 4.1 Post Commit Optimization
INFO: [Timing 38-35] Done setting XDC timing constraints.

Phase 4.1.1 Post Placement Optimization
Post Placement Optimization Initialization | Checksum: 14c31b0d5

Phase 4.1.1.1 BUFG Insertion

Starting Physical Synthesis Task

Phase 1 Physical Synthesis Initialization
INFO: [Physopt 32-721] Multithreading enabled for phys_opt_design using a maximum of 8 CPUs
INFO: [Physopt 32-619] Estimated Timing Summary | WNS=0.457 | TNS=0.000 |
Phase 1 Physical Synthesis Initialization | Checksum: 16949f2c3

Time (s): cpu = 00:00:00.03 ; elapsed = 00:00:00.01 . Memory (MB): peak = 3104.047 ; gain = 0.000 ; free physical = 19654 ; free virtual = 41905
INFO: [Place 46-56] BUFG insertion identified 0 candidate nets. Inserted BUFG: 0, Replicated BUFG Driver: 0, Skipped due to Placement/Routing Conflicts: 0, Skipped due to Timing Degradation: 0, Skipped due to Illegal Netlist: 0.
Ending Physical Synthesis Task | Checksum: 18aa0b63f

Time (s): cpu = 00:00:00.04 ; elapsed = 00:00:00.01 . Memory (MB): peak = 3104.047 ; gain = 0.000 ; free physical = 19654 ; free virtual = 41905
Phase 4.1.1.1 BUFG Insertion | Checksum: 14c31b0d5

Time (s): cpu = 00:00:02 ; elapsed = 00:00:00.76 . Memory (MB): peak = 3104.047 ; gain = 0.000 ; free physical = 19654 ; free virtual = 41905
INFO: [Place 30-746] Post Placement Timing Summary WNS=0.937. For the most accurate timing information please run report_timing.
Phase 4.1.1 Post Placement Optimization | Checksum: 1f8b9d40e

Time (s): cpu = 00:00:03 ; elapsed = 00:00:00.89 . Memory (MB): peak = 3104.047 ; gain = 0.000 ; free physical = 19654 ; free virtual = 41905
Phase 4.1 Post Commit Optimization | Checksum: 1f8b9d40e

Time (s): cpu = 00:00:03 ; elapsed = 00:00:00.89 . Memory (MB): peak = 3104.047 ; gain = 0.000 ; free physical = 19654 ; free virtual = 41905

Phase 4.2 Post Placement Cleanup
Phase 4.2 Post Placement Cleanup | Checksum: 1f8b9d40e

Time (s): cpu = 00:00:03 ; elapsed = 00:00:00.90 . Memory (MB): peak = 3104.047 ; gain = 0.000 ; free physical = 19654 ; free virtual = 41905

Phase 4.3 Placer Reporting
Phase 4.3 Placer Reporting | Checksum: 1f8b9d40e

Time (s): cpu = 00:00:03 ; elapsed = 00:00:00.90 . Memory (MB): peak = 3104.047 ; gain = 0.000 ; free physical = 19654 ; free virtual = 41905

Phase 4.4 Final Placement Cleanup
Netlist sorting complete. Time (s): cpu = 00:00:00 ; elapsed = 00:00:00 . Memory (MB): peak = 3104.047 ; gain = 0.000 ; free physical = 19654 ; free virtual = 41905
Phase 4.4 Final Placement Cleanup | Checksum: 16092d994

Time (s): cpu = 00:00:03 ; elapsed = 00:00:00.90 . Memory (MB): peak = 3104.047 ; gain = 0.000 ; free physical = 19654 ; free virtual = 41905
Phase 4 Post Placement Optimization and Clean-Up | Checksum: 16092d994

Time (s): cpu = 00:00:03 ; elapsed = 00:00:00.90 . Memory (MB): peak = 3104.047 ; gain = 0.000 ; free physical = 19654 ; free virtual = 41905
Ending Placer Task | Checksum: b3baca9f

Time (s): cpu = 00:00:03 ; elapsed = 00:00:00.90 . Memory (MB): peak = 3104.047 ; gain = 0.000 ; free physical = 19654 ; free virtual = 41905
INFO: [Common 17-83] Releasing license: Implementation
61 Infos, 5 Warnings, 4 Critical Warnings and 0 Errors encountered.
place_design completed successfully
INFO: [Timing 38-480] Writing timing data to binary archive.
Writing placer database...
Writing XDEF routing.
Writing XDEF routing logical nets.
Writing XDEF routing special nets.
Write XDEF Complete: Time (s): cpu = 00:00:00.04 ; elapsed = 00:00:00.03 . Memory (MB): peak = 3104.047 ; gain = 0.000 ; free physical = 19658 ; free virtual = 41911
INFO: [Common 17-1381] The checkpoint '/home/jwk0425/jwk_personal_lab/lab3/staged_mac/vivado/tc_staged_mac/tc_staged_mac.runs/impl_1/staged_mac_placed.dcp' has been generated.
INFO: [runtcl-4] Executing : report_io -file staged_mac_io_placed.rpt
report_io: Time (s): cpu = 00:00:00.03 ; elapsed = 00:00:00.04 . Memory (MB): peak = 3104.047 ; gain = 0.000 ; free physical = 19657 ; free virtual = 41909
INFO: [runtcl-4] Executing : report_utilization -file staged_mac_utilization_placed.rpt -pb staged_mac_utilization_placed.pb
INFO: [runtcl-4] Executing : report_control_sets -verbose -file staged_mac_control_sets_placed.rpt
report_control_sets: Time (s): cpu = 00:00:00 ; elapsed = 00:00:00.01 . Memory (MB): peak = 3104.047 ; gain = 0.000 ; free physical = 19657 ; free virtual = 41909
Command: phys_opt_design
Attempting to get a license for feature 'Implementation' and/or device 'xc7z020'
INFO: [Common 17-349] Got license for feature 'Implementation' and/or device 'xc7z020'
INFO: [Vivado_Tcl 4-383] Design worst setup slack (WNS) is greater than or equal to 0.000 ns. Skipping all physical synthesis optimizations.
INFO: [Vivado_Tcl 4-232] No setup violation found. The netlist was not modified.
INFO: [Common 17-83] Releasing license: Implementation
70 Infos, 5 Warnings, 4 Critical Warnings and 0 Errors encountered.
phys_opt_design completed successfully
INFO: [Timing 38-480] Writing timing data to binary archive.
Writing placer database...
Writing XDEF routing.
Writing XDEF routing logical nets.
Writing XDEF routing special nets.
Write XDEF Complete: Time (s): cpu = 00:00:00.05 ; elapsed = 00:00:00.03 . Memory (MB): peak = 3104.047 ; gain = 0.000 ; free physical = 19640 ; free virtual = 41894
INFO: [Common 17-1381] The checkpoint '/home/jwk0425/jwk_personal_lab/lab3/staged_mac/vivado/tc_staged_mac/tc_staged_mac.runs/impl_1/staged_mac_physopt.dcp' has been generated.
Command: route_design
Attempting to get a license for feature 'Implementation' and/or device 'xc7z020'
INFO: [Common 17-349] Got license for feature 'Implementation' and/or device 'xc7z020'
Running DRC as a precondition to command route_design
INFO: [DRC 23-27] Running DRC with 8 threads
INFO: [Vivado_Tcl 4-198] DRC finished with 0 Errors
INFO: [Vivado_Tcl 4-199] Please refer to the DRC report (report_drc) for more information.


Starting Routing Task
INFO: [Route 35-254] Multithreading enabled for route_design using a maximum of 8 CPUs
Checksum: PlaceDB: ac61687c ConstDB: 0 ShapeSum: 7596223 RouteDB: 0

Phase 1 Build RT Design
Phase 1 Build RT Design | Checksum: 11de7af12

Time (s): cpu = 00:00:07 ; elapsed = 00:00:05 . Memory (MB): peak = 3225.152 ; gain = 16.008 ; free physical = 19471 ; free virtual = 41724
Post Restoration Checksum: NetGraph: be7755c3 NumContArr: 5f70594f Constraints: 0 Timing: 0

Phase 2 Router Initialization

Phase 2.1 Create Timer
Phase 2.1 Create Timer | Checksum: 11de7af12

Time (s): cpu = 00:00:07 ; elapsed = 00:00:05 . Memory (MB): peak = 3225.152 ; gain = 16.008 ; free physical = 19471 ; free virtual = 41724

Phase 2.2 Fix Topology Constraints
Phase 2.2 Fix Topology Constraints | Checksum: 11de7af12

Time (s): cpu = 00:00:07 ; elapsed = 00:00:05 . Memory (MB): peak = 3225.152 ; gain = 16.008 ; free physical = 19436 ; free virtual = 41690

Phase 2.3 Pre Route Cleanup
Phase 2.3 Pre Route Cleanup | Checksum: 11de7af12

Time (s): cpu = 00:00:07 ; elapsed = 00:00:05 . Memory (MB): peak = 3225.152 ; gain = 16.008 ; free physical = 19436 ; free virtual = 41690
 Number of Nodes with overlaps = 0

Phase 2.4 Update Timing
Phase 2.4 Update Timing | Checksum: cce5bdd2

Time (s): cpu = 00:00:07 ; elapsed = 00:00:05 . Memory (MB): peak = 3235.207 ; gain = 26.062 ; free physical = 19425 ; free virtual = 41679
INFO: [Route 35-416] Intermediate Timing Summary | WNS=0.799  | TNS=0.000  | WHS=0.043  | THS=0.000  |

Phase 2 Router Initialization | Checksum: c827f61a

Time (s): cpu = 00:00:07 ; elapsed = 00:00:05 . Memory (MB): peak = 3235.207 ; gain = 26.062 ; free physical = 19425 ; free virtual = 41679

Router Utilization Summary
  Global Vertical Routing Utilization    = 0 %
  Global Horizontal Routing Utilization  = 0 %
  Routable Net Status*
  *Does not include unroutable nets such as driverless and loadless.
  Run report_route_status for detailed report.
  Number of Failed Nets               = 199
    (Failed Nets is the sum of unrouted and partially routed nets)
  Number of Unrouted Nets             = 199
  Number of Partially Routed Nets     = 0
  Number of Node Overlaps             = 0


Phase 3 Initial Routing
Phase 3 Initial Routing | Checksum: 14b3d6321

Time (s): cpu = 00:00:07 ; elapsed = 00:00:05 . Memory (MB): peak = 3238.914 ; gain = 29.770 ; free physical = 19421 ; free virtual = 41675

Phase 4 Rip-up And Reroute

Phase 4.1 Global Iteration 0
 Number of Nodes with overlaps = 20
 Number of Nodes with overlaps = 0
INFO: [Route 35-416] Intermediate Timing Summary | WNS=0.720  | TNS=0.000  | WHS=N/A    | THS=N/A    |

Phase 4.1 Global Iteration 0 | Checksum: 14fa8e583

Time (s): cpu = 00:00:07 ; elapsed = 00:00:06 . Memory (MB): peak = 3238.914 ; gain = 29.770 ; free physical = 19421 ; free virtual = 41675
Phase 4 Rip-up And Reroute | Checksum: 14fa8e583

Time (s): cpu = 00:00:07 ; elapsed = 00:00:06 . Memory (MB): peak = 3238.914 ; gain = 29.770 ; free physical = 19421 ; free virtual = 41675

Phase 5 Delay and Skew Optimization

Phase 5.1 Delay CleanUp
Phase 5.1 Delay CleanUp | Checksum: 14fa8e583

Time (s): cpu = 00:00:07 ; elapsed = 00:00:06 . Memory (MB): peak = 3238.914 ; gain = 29.770 ; free physical = 19421 ; free virtual = 41675

Phase 5.2 Clock Skew Optimization
Phase 5.2 Clock Skew Optimization | Checksum: 14fa8e583

Time (s): cpu = 00:00:07 ; elapsed = 00:00:06 . Memory (MB): peak = 3238.914 ; gain = 29.770 ; free physical = 19421 ; free virtual = 41675
Phase 5 Delay and Skew Optimization | Checksum: 14fa8e583

Time (s): cpu = 00:00:07 ; elapsed = 00:00:06 . Memory (MB): peak = 3238.914 ; gain = 29.770 ; free physical = 19421 ; free virtual = 41675

Phase 6 Post Hold Fix

Phase 6.1 Hold Fix Iter

Phase 6.1.1 Update Timing
Phase 6.1.1 Update Timing | Checksum: 1fa288bc0

Time (s): cpu = 00:00:07 ; elapsed = 00:00:06 . Memory (MB): peak = 3238.914 ; gain = 29.770 ; free physical = 19421 ; free virtual = 41675
INFO: [Route 35-416] Intermediate Timing Summary | WNS=0.835  | TNS=0.000  | WHS=0.276  | THS=0.000  |

Phase 6.1 Hold Fix Iter | Checksum: 1fa288bc0

Time (s): cpu = 00:00:07 ; elapsed = 00:00:06 . Memory (MB): peak = 3238.914 ; gain = 29.770 ; free physical = 19421 ; free virtual = 41675
Phase 6 Post Hold Fix | Checksum: 1fa288bc0

Time (s): cpu = 00:00:07 ; elapsed = 00:00:06 . Memory (MB): peak = 3238.914 ; gain = 29.770 ; free physical = 19421 ; free virtual = 41675

Phase 7 Route finalize

Router Utilization Summary
  Global Vertical Routing Utilization    = 0.132236 %
  Global Horizontal Routing Utilization  = 0.0366802 %
  Routable Net Status*
  *Does not include unroutable nets such as driverless and loadless.
  Run report_route_status for detailed report.
  Number of Failed Nets               = 0
    (Failed Nets is the sum of unrouted and partially routed nets)
  Number of Unrouted Nets             = 0
  Number of Partially Routed Nets     = 0
  Number of Node Overlaps             = 0

Phase 7 Route finalize | Checksum: 1fa288bc0

Time (s): cpu = 00:00:07 ; elapsed = 00:00:06 . Memory (MB): peak = 3238.914 ; gain = 29.770 ; free physical = 19421 ; free virtual = 41675

Phase 8 Verifying routed nets

 Verification completed successfully
Phase 8 Verifying routed nets | Checksum: 1fa288bc0

Time (s): cpu = 00:00:07 ; elapsed = 00:00:06 . Memory (MB): peak = 3238.914 ; gain = 29.770 ; free physical = 19421 ; free virtual = 41675

Phase 9 Depositing Routes
Phase 9 Depositing Routes | Checksum: 1521b7e3c

Time (s): cpu = 00:00:07 ; elapsed = 00:00:06 . Memory (MB): peak = 3238.914 ; gain = 29.770 ; free physical = 19421 ; free virtual = 41675

Phase 10 Post Router Timing
INFO: [Route 35-57] Estimated Timing Summary | WNS=0.835  | TNS=0.000  | WHS=0.276  | THS=0.000  |

INFO: [Route 35-327] The final timing numbers are based on the router estimated timing analysis. For a complete and accurate timing signoff, please run report_timing_summary.
Phase 10 Post Router Timing | Checksum: 1521b7e3c

Time (s): cpu = 00:00:07 ; elapsed = 00:00:06 . Memory (MB): peak = 3238.914 ; gain = 29.770 ; free physical = 19421 ; free virtual = 41675
INFO: [Route 35-16] Router Completed Successfully

Time (s): cpu = 00:00:07 ; elapsed = 00:00:06 . Memory (MB): peak = 3238.914 ; gain = 29.770 ; free physical = 19421 ; free virtual = 41675

Routing Is Done.
INFO: [Common 17-83] Releasing license: Implementation
84 Infos, 5 Warnings, 4 Critical Warnings and 0 Errors encountered.
route_design completed successfully
route_design: Time (s): cpu = 00:00:08 ; elapsed = 00:00:07 . Memory (MB): peak = 3238.914 ; gain = 134.867 ; free physical = 19421 ; free virtual = 41675
INFO: [Timing 38-480] Writing timing data to binary archive.
Writing placer database...
Writing XDEF routing.
Writing XDEF routing logical nets.
Writing XDEF routing special nets.
Write XDEF Complete: Time (s): cpu = 00:00:00.04 ; elapsed = 00:00:00.03 . Memory (MB): peak = 3246.918 ; gain = 0.000 ; free physical = 19428 ; free virtual = 41684
INFO: [Common 17-1381] The checkpoint '/home/jwk0425/jwk_personal_lab/lab3/staged_mac/vivado/tc_staged_mac/tc_staged_mac.runs/impl_1/staged_mac_routed.dcp' has been generated.
INFO: [runtcl-4] Executing : report_drc -file staged_mac_drc_routed.rpt -pb staged_mac_drc_routed.pb -rpx staged_mac_drc_routed.rpx
Command: report_drc -file staged_mac_drc_routed.rpt -pb staged_mac_drc_routed.pb -rpx staged_mac_drc_routed.rpx
INFO: [IP_Flow 19-1839] IP Catalog is up to date.
INFO: [DRC 23-27] Running DRC with 8 threads
INFO: [Coretcl 2-168] The results of DRC are in file /home/jwk0425/jwk_personal_lab/lab3/staged_mac/vivado/tc_staged_mac/tc_staged_mac.runs/impl_1/staged_mac_drc_routed.rpt.
report_drc completed successfully
INFO: [runtcl-4] Executing : report_methodology -file staged_mac_methodology_drc_routed.rpt -pb staged_mac_methodology_drc_routed.pb -rpx staged_mac_methodology_drc_routed.rpx
Command: report_methodology -file staged_mac_methodology_drc_routed.rpt -pb staged_mac_methodology_drc_routed.pb -rpx staged_mac_methodology_drc_routed.rpx
INFO: [Timing 38-35] Done setting XDC timing constraints.
INFO: [DRC 23-133] Running Methodology with 8 threads
INFO: [Coretcl 2-1520] The results of Report Methodology are in file /home/jwk0425/jwk_personal_lab/lab3/staged_mac/vivado/tc_staged_mac/tc_staged_mac.runs/impl_1/staged_mac_methodology_drc_routed.rpt.
report_methodology completed successfully
INFO: [runtcl-4] Executing : report_power -file staged_mac_power_routed.rpt -pb staged_mac_power_summary_routed.pb -rpx staged_mac_power_routed.rpx
Command: report_power -file staged_mac_power_routed.rpt -pb staged_mac_power_summary_routed.pb -rpx staged_mac_power_routed.rpx
INFO: [Timing 38-35] Done setting XDC timing constraints.
Running Vector-less Activity Propagation...

Finished Running Vector-less Activity Propagation
96 Infos, 5 Warnings, 4 Critical Warnings and 0 Errors encountered.
report_power completed successfully
INFO: [runtcl-4] Executing : report_route_status -file staged_mac_route_status.rpt -pb staged_mac_route_status.pb
INFO: [runtcl-4] Executing : report_timing_summary -max_paths 10 -file staged_mac_timing_summary_routed.rpt -pb staged_mac_timing_summary_routed.pb -rpx staged_mac_timing_summary_routed.rpx -warn_on_violation 
INFO: [Timing 38-91] UpdateTimingParams: Speed grade: -1, Delay Type: min_max.
INFO: [Timing 38-191] Multithreading enabled for timing update using a maximum of 8 CPUs
CRITICAL WARNING: [Timing 38-282] The design failed to meet the timing requirements. Please see the timing summary report for details on the timing violations.
INFO: [runtcl-4] Executing : report_incremental_reuse -file staged_mac_incremental_reuse_routed.rpt
INFO: [Vivado_Tcl 4-1062] Incremental flow is disabled. No incremental reuse Info to report.
INFO: [runtcl-4] Executing : report_clock_utilization -file staged_mac_clock_utilization_routed.rpt
INFO: [runtcl-4] Executing : report_bus_skew -warn_on_violation -file staged_mac_bus_skew_routed.rpt -pb staged_mac_bus_skew_routed.pb -rpx staged_mac_bus_skew_routed.rpx
INFO: [Timing 38-91] UpdateTimingParams: Speed grade: -1, Delay Type: min_max.
INFO: [Timing 38-191] Multithreading enabled for timing update using a maximum of 8 CPUs
INFO: [Common 17-206] Exiting Vivado at Wed Oct  7 21:33:07 2026...
[Wed Oct  7 21:33:17 2026] impl_1 finished
wait_on_run: Time (s): cpu = 00:00:00.42 ; elapsed = 00:00:42 . Memory (MB): peak = 2353.445 ; gain = 0.000 ; free physical = 21008 ; free virtual = 43263
# open_run impl_1
INFO: [Device 21-403] Loading part xc7z020clg484-1
Netlist sorting complete. Time (s): cpu = 00:00:00 ; elapsed = 00:00:00 . Memory (MB): peak = 2353.445 ; gain = 0.000 ; free physical = 20836 ; free virtual = 43092
INFO: [Netlist 29-17] Analyzing 21 Unisim elements for replacement
INFO: [Netlist 29-28] Unisim Transformation completed in 0 CPU seconds
INFO: [Project 1-479] Netlist was created with Vivado 2020.1
INFO: [Project 1-570] Preparing netlist for logic optimization
INFO: [Timing 38-478] Restoring timing data from binary archive.
INFO: [Timing 38-479] Binary timing data restore complete.
INFO: [Project 1-856] Restoring constraints from binary archive.
INFO: [Project 1-853] Binary constraint restore complete.
Reading XDEF placement.
Reading placer database...
Reading XDEF routing.
Read XDEF File: Time (s): cpu = 00:00:00.06 ; elapsed = 00:00:00.13 . Memory (MB): peak = 2787.297 ; gain = 5.938 ; free physical = 20237 ; free virtual = 42492
Restored from archive | CPU: 0.130000 secs | Memory: 1.388123 MB |
Finished XDEF File Restore: Time (s): cpu = 00:00:00.06 ; elapsed = 00:00:00.13 . Memory (MB): peak = 2787.297 ; gain = 5.938 ; free physical = 20237 ; free virtual = 42492
Netlist sorting complete. Time (s): cpu = 00:00:00 ; elapsed = 00:00:00 . Memory (MB): peak = 2787.297 ; gain = 0.000 ; free physical = 20237 ; free virtual = 42492
INFO: [Project 1-111] Unisim Transformation Summary:
No Unisim elements were transformed.

open_run: Time (s): cpu = 00:00:06 ; elapsed = 00:00:09 . Memory (MB): peak = 2787.297 ; gain = 433.852 ; free physical = 20237 ; free virtual = 42492
# report_timing_summary -file timing_summary.rpt
INFO: [Timing 38-91] UpdateTimingParams: Speed grade: -1, Delay Type: min_max.
INFO: [Timing 38-191] Multithreading enabled for timing update using a maximum of 8 CPUs
# report_utilization -file utilization.rpt
# exit
INFO: [Common 17-206] Exiting Vivado at Wed Oct  7 21:33:26 2026...
